=== STEP 1: Fetch Reddit posts ===
[MEME RADAR] Using Apify to scan Reddit...
[MEME RADAR] Apify Reddit search failed: The read operation timed out
Reddit posts fetched: 0

=== STEP 2: Fetch X posts ===
[MEME RADAR] Using Apify to scan X (Twitter)...
X posts fetched: 0

Total posts: 0

=== STEP 3: Score virality ===

Viable at min_virality=15: 0
Viable at min_virality=10: 0
Viable at min_virality=5:  0
Viable at min_virality=0:  0

=== STEP 4: Check keyword extraction ===
